;**************************
;     Testfall 4          
;**************************
Eingelesene Woerter:
PROGRAMMIERUNG, ZEIT, KONZENTRATION, RECHNEN, ERGEBNIS, INTEGRAL, STOCHASTIK, STATISTIK

** Raetsel nicht versteckt

PROGRAMMIERUNG
    E   Z     
    CERGEBNIS 
STOCHASTIK    
    NSTATISTIK
KONZENTRATION 
   INTEGRAL   

** Raetsel versteckt

PROGRAMMIERUNG
RHRXEYPJZEFZAM
MVJYCERGEBNISS
STOCHASTIKJFKC
XMETNSTATISTIK
KONZENTRATIONG
RAOINTEGRALFMC

Kompaktheitsmass: 98