Eingelesene Woerter:
SCHWANZ, KATZE, HAUSTUER, KELLER, TELLER, MUTTER

** Raetsel nicht versteckt

    K  K 
SCHWANZE 
 MUTTERL 
    Z  L 
   TELLER
HAUSTUER 

** Raetsel versteckt

HNALKEQKX
SCHWANZEI
SMUTTERLT
KHGTZIZLQ
QADTELLER
HAUSTUERP

Kompaktheitsmass: 54