;**************************
;     Sonderfall 1          
;**************************
Eingelesene Woerter:
EI, EISEN, EISENERZ

** Raetsel nicht versteckt

EISENERZ

** Raetsel versteckt

EISENERZ

Kompaktheitsmass: 8